{"detail":[{"type":"model_attributes_type","loc":["body"],"msg":"Input should be a valid dictionary or object to extract fields from","input":"username=admin@college.com&password=admin123"}]}